\set BEFORE_NSHM `ipcs -m | grep -c [0-9]`
TRUNCATE customer;
\! pg_bulkload -d contrib_regression data/csv1.ctl -o"delimiter=|" -i data/data1.csv -o "WRITER=PARALLEL" -l results/parallel1.log -P results/parallel1.prs -u results/parallel1.dup -o "PARSE_ERRORS=50"
NOTICE: BULK LOAD START
NOTICE: BULK LOAD END
	2 Rows skipped.
	5 Rows successfully loaded.
	4 Rows not loaded due to parse errors.
	0 Rows not loaded due to duplicate errors.
	0 Rows replaced with new rows.
WARNING: some rows were not loaded due to errors.
\! awk -f data/adjust.awk results/parallel1.log

pg_bulkload 3.0.2 on <TIMESTAMP>

INFILE = .../data1.csv
PARSE_BADFILE = .../parallel1.prs
DUPLICATE_BADFILE = .../parallel1.dup
LOGFILE = .../parallel1.log
TABLE = public.customer
TRUNCATE = NO
LIMIT = 5
PARSE_ERRORS = 50
DUPLICATE_ERRORS = 0
ON_DUPLICATE_KEEP = NEW
VERBOSE = NO
CHECK_CONSTRAINTS = NO
TYPE = CSV
SKIP = 2
DELIMITER = |
QUOTE = "\""
ESCAPE = "\""
NULL = "nullvalue           "
WRITER = PARALLEL

Parse error Record 1: Input Record 3: Rejected - column 8. null value in column "c_street_2" violates not-null constraint
Parse error Record 2: Input Record 4: Rejected - column 15. invalid input syntax for type numeric: "BAD-DATA"
Parse error Record 3: Input Record 6: Rejected - column 8. null value in column "c_street_2" violates not-null constraint
Parse error Record 4: Input Record 7: Rejected - column 7. null value in column "c_street_1" violates not-null constraint

  2 Rows skipped.
  5 Rows successfully loaded.
  4 Rows not loaded due to parse errors.
  0 Rows not loaded due to duplicate errors.
  0 Rows replaced with new rows.

Run began on <TIMESTAMP>
Run ended on <TIMESTAMP>

CPU <TIME>s/<TIME>u sec elapsed <TIME> sec
SET enable_seqscan = on;
SET enable_indexscan = off;
SET enable_bitmapscan = off;
SELECT * FROM customer ORDER BY c_id;
   c_id   | c_d_id | c_w_id |     c_first      | c_middle |      c_last      |      c_street_1      |      c_street_2      |        c_city        | c_state |   c_zip   |     c_phone      |         c_since          | c_credit | c_credit_lim | c_discount | c_balance  | c_ytd_payment | c_payment_cnt | c_delivery_cnt |       c_data       
----------+--------+--------+------------------+----------+------------------+----------------------+----------------------+----------------------+---------+-----------+------------------+--------------------------+----------+--------------+------------+------------+---------------+---------------+----------------+--------------------
 16777216 |    216 |      0 | ABCDEFG          | AA       | AAAAAAAAAAAAAAAA | c_street_1           | c_street_2           | AAAAAAAAAAAAAAAAAAAA | AA      | AAAAAAAAA | AAAAAAAAAAAAAAAA | Sun Jan 01 12:34:56 2006 | AA       |   12345.6789 | 12345.6789 | 12345.6789 |    12345.6789 |       12345.7 |     12345.6789 | 123456789012345678
 16777217 |    217 |      0 | ABCDEFG          | AA       | AAAAAAAAAAAAAAAA | c_street_1           | c_street_2           | AAAAAAAAAAAAAAAAAAAA | AA      | AAAAAAAAA | AAAAAAAAAAAAAAAA | Sun Jan 01 12:34:56 2006 | AA       |   12345.6789 | 12345.6789 | 12345.6789 |    12345.6789 |       12345.7 |     12345.6789 | 123456789012345678
 16777220 |    220 |      0 | ABCDEFG          | AA       | AAAAAAAAAAAAAAAA | c_street_1           | c_street_2           | AAAAAAAAAAAAAAAAAAAA | AA      | AAAAAAAAA | AAAAAAAAAAAAAAAA | Sun Jan 01 12:34:56 2006 | AA       |   12345.6789 | 12345.6789 | 12345.6789 |    12345.6789 |       12345.7 |     12345.6789 | 123456789012345678
 16777223 |    223 |      0 | ABCDEFG          | AA       | AAAAAAAAAAAAAAAA | c_street_1           | c_street_2           | AAAAAAAAAAAAAAAAAAAA | AA      | AAAAAAAAA | AAAAAAAAAAAAAAAA | Sun Jan 01 12:34:56 2006 | AA       |   12345.6789 | 12345.6789 | 12345.6789 |    12345.6789 |       12345.7 |     12345.6789 | 123456789012345678
 16777224 |    224 |      0 | DUP-1            | AA       | AAAAAAAAAAAAAAAA | c_street_1           | c_street_2           | AAAAAAAAAAAAAAAAAAAA | AA      | AAAAAAAAA | AAAAAAAAAAAAAAAA | Sun Jan 01 12:34:56 2006 | AA       |   12345.6789 | 12345.6789 | 12345.6789 |    12345.6789 |       12345.7 |     12345.6789 | 123456789012345678
(5 rows)

SET enable_seqscan = off;
SET enable_indexscan = on;
SET enable_bitmapscan = off;
SELECT * FROM customer ORDER BY c_id;
   c_id   | c_d_id | c_w_id |     c_first      | c_middle |      c_last      |      c_street_1      |      c_street_2      |        c_city        | c_state |   c_zip   |     c_phone      |         c_since          | c_credit | c_credit_lim | c_discount | c_balance  | c_ytd_payment | c_payment_cnt | c_delivery_cnt |       c_data       
----------+--------+--------+------------------+----------+------------------+----------------------+----------------------+----------------------+---------+-----------+------------------+--------------------------+----------+--------------+------------+------------+---------------+---------------+----------------+--------------------
 16777216 |    216 |      0 | ABCDEFG          | AA       | AAAAAAAAAAAAAAAA | c_street_1           | c_street_2           | AAAAAAAAAAAAAAAAAAAA | AA      | AAAAAAAAA | AAAAAAAAAAAAAAAA | Sun Jan 01 12:34:56 2006 | AA       |   12345.6789 | 12345.6789 | 12345.6789 |    12345.6789 |       12345.7 |     12345.6789 | 123456789012345678
 16777217 |    217 |      0 | ABCDEFG          | AA       | AAAAAAAAAAAAAAAA | c_street_1           | c_street_2           | AAAAAAAAAAAAAAAAAAAA | AA      | AAAAAAAAA | AAAAAAAAAAAAAAAA | Sun Jan 01 12:34:56 2006 | AA       |   12345.6789 | 12345.6789 | 12345.6789 |    12345.6789 |       12345.7 |     12345.6789 | 123456789012345678
 16777220 |    220 |      0 | ABCDEFG          | AA       | AAAAAAAAAAAAAAAA | c_street_1           | c_street_2           | AAAAAAAAAAAAAAAAAAAA | AA      | AAAAAAAAA | AAAAAAAAAAAAAAAA | Sun Jan 01 12:34:56 2006 | AA       |   12345.6789 | 12345.6789 | 12345.6789 |    12345.6789 |       12345.7 |     12345.6789 | 123456789012345678
 16777223 |    223 |      0 | ABCDEFG          | AA       | AAAAAAAAAAAAAAAA | c_street_1           | c_street_2           | AAAAAAAAAAAAAAAAAAAA | AA      | AAAAAAAAA | AAAAAAAAAAAAAAAA | Sun Jan 01 12:34:56 2006 | AA       |   12345.6789 | 12345.6789 | 12345.6789 |    12345.6789 |       12345.7 |     12345.6789 | 123456789012345678
 16777224 |    224 |      0 | DUP-1            | AA       | AAAAAAAAAAAAAAAA | c_street_1           | c_street_2           | AAAAAAAAAAAAAAAAAAAA | AA      | AAAAAAAAA | AAAAAAAAAAAAAAAA | Sun Jan 01 12:34:56 2006 | AA       |   12345.6789 | 12345.6789 | 12345.6789 |    12345.6789 |       12345.7 |     12345.6789 | 123456789012345678
(5 rows)

\! pg_bulkload -d contrib_regression data/csv1.ctl -i data/data2.csv -o "WRITER=PARALLEL" -l results/parallel2.log -P results/parallel2.prs -u results/parallel2.dup -o "PARSE_ERRORS=50"
NOTICE: BULK LOAD START
ERROR: query failed: ERROR:  Maximum duplicate error count exceeded
DETAIL: query was: SELECT * FROM pg_bulkload($1)
\! awk -f data/adjust.awk results/parallel2.log

pg_bulkload 3.0.2 on <TIMESTAMP>

INFILE = .../data2.csv
PARSE_BADFILE = .../parallel2.prs
DUPLICATE_BADFILE = .../parallel2.dup
LOGFILE = .../parallel2.log
TABLE = public.customer
TRUNCATE = NO
LIMIT = 5
PARSE_ERRORS = 50
DUPLICATE_ERRORS = 0
ON_DUPLICATE_KEEP = NEW
VERBOSE = NO
CHECK_CONSTRAINTS = NO
TYPE = CSV
SKIP = 2
DELIMITER = ,
QUOTE = "\""
ESCAPE = "\""
NULL = "nullvalue           "
WRITER = PARALLEL

Parse error Record 1: Input Record 2: Rejected - column 13. invalid input syntax for type timestamp: "BAD-DATA"
Duplicate error Record 1: Rejected - duplicate key value violates unique constraint "customer_pkey"
Maximum duplicate error count exceeded
SET enable_seqscan = on;
SET enable_indexscan = off;
SET enable_bitmapscan = off;
SELECT * FROM customer ORDER BY c_id;
   c_id   | c_d_id | c_w_id |     c_first      | c_middle |      c_last      |      c_street_1      |      c_street_2      |        c_city        | c_state |   c_zip   |     c_phone      |         c_since          | c_credit | c_credit_lim | c_discount | c_balance  | c_ytd_payment | c_payment_cnt | c_delivery_cnt |       c_data       
----------+--------+--------+------------------+----------+------------------+----------------------+----------------------+----------------------+---------+-----------+------------------+--------------------------+----------+--------------+------------+------------+---------------+---------------+----------------+--------------------
 16777216 |    216 |      0 | ABCDEFG          | AA       | AAAAAAAAAAAAAAAA | c_street_1           | c_street_2           | AAAAAAAAAAAAAAAAAAAA | AA      | AAAAAAAAA | AAAAAAAAAAAAAAAA | Sun Jan 01 12:34:56 2006 | AA       |   12345.6789 | 12345.6789 | 12345.6789 |    12345.6789 |       12345.7 |     12345.6789 | 123456789012345678
 16777217 |    217 |      0 | ABCDEFG          | AA       | AAAAAAAAAAAAAAAA | c_street_1           | c_street_2           | AAAAAAAAAAAAAAAAAAAA | AA      | AAAAAAAAA | AAAAAAAAAAAAAAAA | Sun Jan 01 12:34:56 2006 | AA       |   12345.6789 | 12345.6789 | 12345.6789 |    12345.6789 |       12345.7 |     12345.6789 | 123456789012345678
 16777220 |    220 |      0 | ABCDEFG          | AA       | AAAAAAAAAAAAAAAA | c_street_1           | c_street_2           | AAAAAAAAAAAAAAAAAAAA | AA      | AAAAAAAAA | AAAAAAAAAAAAAAAA | Sun Jan 01 12:34:56 2006 | AA       |   12345.6789 | 12345.6789 | 12345.6789 |    12345.6789 |       12345.7 |     12345.6789 | 123456789012345678
 16777223 |    223 |      0 | ABCDEFG          | AA       | AAAAAAAAAAAAAAAA | c_street_1           | c_street_2           | AAAAAAAAAAAAAAAAAAAA | AA      | AAAAAAAAA | AAAAAAAAAAAAAAAA | Sun Jan 01 12:34:56 2006 | AA       |   12345.6789 | 12345.6789 | 12345.6789 |    12345.6789 |       12345.7 |     12345.6789 | 123456789012345678
 16777224 |    224 |      0 | DUP-1            | AA       | AAAAAAAAAAAAAAAA | c_street_1           | c_street_2           | AAAAAAAAAAAAAAAAAAAA | AA      | AAAAAAAAA | AAAAAAAAAAAAAAAA | Sun Jan 01 12:34:56 2006 | AA       |   12345.6789 | 12345.6789 | 12345.6789 |    12345.6789 |       12345.7 |     12345.6789 | 123456789012345678
(5 rows)

SET enable_seqscan = off;
SET enable_indexscan = on;
SET enable_bitmapscan = off;
SELECT * FROM customer ORDER BY c_id;
   c_id   | c_d_id | c_w_id |     c_first      | c_middle |      c_last      |      c_street_1      |      c_street_2      |        c_city        | c_state |   c_zip   |     c_phone      |         c_since          | c_credit | c_credit_lim | c_discount | c_balance  | c_ytd_payment | c_payment_cnt | c_delivery_cnt |       c_data       
----------+--------+--------+------------------+----------+------------------+----------------------+----------------------+----------------------+---------+-----------+------------------+--------------------------+----------+--------------+------------+------------+---------------+---------------+----------------+--------------------
 16777216 |    216 |      0 | ABCDEFG          | AA       | AAAAAAAAAAAAAAAA | c_street_1           | c_street_2           | AAAAAAAAAAAAAAAAAAAA | AA      | AAAAAAAAA | AAAAAAAAAAAAAAAA | Sun Jan 01 12:34:56 2006 | AA       |   12345.6789 | 12345.6789 | 12345.6789 |    12345.6789 |       12345.7 |     12345.6789 | 123456789012345678
 16777217 |    217 |      0 | ABCDEFG          | AA       | AAAAAAAAAAAAAAAA | c_street_1           | c_street_2           | AAAAAAAAAAAAAAAAAAAA | AA      | AAAAAAAAA | AAAAAAAAAAAAAAAA | Sun Jan 01 12:34:56 2006 | AA       |   12345.6789 | 12345.6789 | 12345.6789 |    12345.6789 |       12345.7 |     12345.6789 | 123456789012345678
 16777220 |    220 |      0 | ABCDEFG          | AA       | AAAAAAAAAAAAAAAA | c_street_1           | c_street_2           | AAAAAAAAAAAAAAAAAAAA | AA      | AAAAAAAAA | AAAAAAAAAAAAAAAA | Sun Jan 01 12:34:56 2006 | AA       |   12345.6789 | 12345.6789 | 12345.6789 |    12345.6789 |       12345.7 |     12345.6789 | 123456789012345678
 16777223 |    223 |      0 | ABCDEFG          | AA       | AAAAAAAAAAAAAAAA | c_street_1           | c_street_2           | AAAAAAAAAAAAAAAAAAAA | AA      | AAAAAAAAA | AAAAAAAAAAAAAAAA | Sun Jan 01 12:34:56 2006 | AA       |   12345.6789 | 12345.6789 | 12345.6789 |    12345.6789 |       12345.7 |     12345.6789 | 123456789012345678
 16777224 |    224 |      0 | DUP-1            | AA       | AAAAAAAAAAAAAAAA | c_street_1           | c_street_2           | AAAAAAAAAAAAAAAAAAAA | AA      | AAAAAAAAA | AAAAAAAAAAAAAAAA | Sun Jan 01 12:34:56 2006 | AA       |   12345.6789 | 12345.6789 | 12345.6789 |    12345.6789 |       12345.7 |     12345.6789 | 123456789012345678
(5 rows)

\! pg_bulkload -d contrib_regression data/csv1.ctl -i data/data2.csv -o "WRITER=PARALLEL" -o "DUPLICATE_ERRORS=50" -l results/parallel3.log -P results/parallel3.prs -u results/parallel3.dup -o "PARSE_ERRORS=50"
NOTICE: BULK LOAD START
NOTICE: BULK LOAD END
	2 Rows skipped.
	5 Rows successfully loaded.
	1 Rows not loaded due to parse errors.
	0 Rows not loaded due to duplicate errors.
	1 Rows replaced with new rows.
WARNING: some rows were not loaded due to errors.
\! awk -f data/adjust.awk results/parallel3.log

pg_bulkload 3.0.2 on <TIMESTAMP>

INFILE = .../data2.csv
PARSE_BADFILE = .../parallel3.prs
DUPLICATE_BADFILE = .../parallel3.dup
LOGFILE = .../parallel3.log
TABLE = public.customer
TRUNCATE = NO
LIMIT = 5
PARSE_ERRORS = 50
DUPLICATE_ERRORS = 50
ON_DUPLICATE_KEEP = NEW
VERBOSE = NO
CHECK_CONSTRAINTS = NO
TYPE = CSV
SKIP = 2
DELIMITER = ,
QUOTE = "\""
ESCAPE = "\""
NULL = "nullvalue           "
WRITER = PARALLEL

Parse error Record 1: Input Record 2: Rejected - column 13. invalid input syntax for type timestamp: "BAD-DATA"
Duplicate error Record 1: Rejected - duplicate key value violates unique constraint "customer_pkey"

  2 Rows skipped.
  5 Rows successfully loaded.
  1 Rows not loaded due to parse errors.
  0 Rows not loaded due to duplicate errors.
  1 Rows replaced with new rows.

Run began on <TIMESTAMP>
Run ended on <TIMESTAMP>

CPU <TIME>s/<TIME>u sec elapsed <TIME> sec
SET enable_seqscan = on;
SET enable_indexscan = off;
SET enable_bitmapscan = off;
SELECT * FROM customer ORDER BY c_id;
   c_id   | c_d_id | c_w_id |     c_first      | c_middle |      c_last      |      c_street_1      |      c_street_2      |        c_city        | c_state |   c_zip   |     c_phone      |         c_since          | c_credit | c_credit_lim | c_discount | c_balance  | c_ytd_payment | c_payment_cnt | c_delivery_cnt |       c_data       
----------+--------+--------+------------------+----------+------------------+----------------------+----------------------+----------------------+---------+-----------+------------------+--------------------------+----------+--------------+------------+------------+---------------+---------------+----------------+--------------------
 16777216 |    216 |      0 | ABCDEFG          | AA       | AAAAAAAAAAAAAAAA | c_street_1           | c_street_2           | AAAAAAAAAAAAAAAAAAAA | AA      | AAAAAAAAA | AAAAAAAAAAAAAAAA | Sun Jan 01 12:34:56 2006 | AA       |   12345.6789 | 12345.6789 | 12345.6789 |    12345.6789 |       12345.7 |     12345.6789 | 123456789012345678
 16777217 |    217 |      0 | ABCDEFG          | AA       | AAAAAAAAAAAAAAAA | c_street_1           | c_street_2           | AAAAAAAAAAAAAAAAAAAA | AA      | AAAAAAAAA | AAAAAAAAAAAAAAAA | Sun Jan 01 12:34:56 2006 | AA       |   12345.6789 | 12345.6789 | 12345.6789 |    12345.6789 |       12345.7 |     12345.6789 | 123456789012345678
 16777220 |    220 |      0 | ABCDEFG          | AA       | AAAAAAAAAAAAAAAA | c_street_1           | c_street_2           | AAAAAAAAAAAAAAAAAAAA | AA      | AAAAAAAAA | AAAAAAAAAAAAAAAA | Sun Jan 01 12:34:56 2006 | AA       |   12345.6789 | 12345.6789 | 12345.6789 |    12345.6789 |       12345.7 |     12345.6789 | 123456789012345678
 16777223 |    223 |      0 | ABCDEFG          | AA       | AAAAAAAAAAAAAAAA | c_street_1           | c_street_2           | AAAAAAAAAAAAAAAAAAAA | AA      | AAAAAAAAA | AAAAAAAAAAAAAAAA | Sun Jan 01 12:34:56 2006 | AA       |   12345.6789 | 12345.6789 | 12345.6789 |    12345.6789 |       12345.7 |     12345.6789 | 123456789012345678
 16777224 |    224 |      0 | DUP-2            | AA       | AAAAAAAAAAAAAAAA | c_street_1           | c_street_2           | AAAAAAAAAAAAAAAAAAAA | AA      | AAAAAAAAA | AAAAAAAAAAAAAAAA | Sun Jan 01 12:34:56 2006 | AA       |   12345.6789 | 12345.6789 | 12345.6789 |    12345.6789 |       12345.7 |     12345.6789 | 123456789012345678
 16777227 |    227 |      0 | ABCDEFG          | AA       | AAAAAAAAAAAAAAAA | c_street_1           | c_street_2           | AAAAAAAAAAAAAAAAAAAA | AA      | AAAAAAAAA | AAAAAAAAAAAAAAAA | Sun Jan 01 12:34:56 2006 | AA       |   12345.6789 | 12345.6789 | 12345.6789 |    12345.6789 |       12345.7 |     12345.6789 | 123456789012345678
 16777228 |    228 |      0 | ABCDEFG          | AA       | AAAAAAAAAAAAAAAA | c_street_1           | c_street_2           | AAAAAAAAAAAAAAAAAAAA | AA      | AAAAAAAAA | AAAAAAAAAAAAAAAA | Sun Jan 01 12:34:56 2006 | AA       |   12345.6789 | 12345.6789 | 12345.6789 |    12345.6789 |       12345.7 |     12345.6789 | 123456789012345678
 16777229 |    229 |      0 | ABCDEFG          | AA       | AAAAAAAAAAAAAAAA | c_street_1           | c_street_2           | AAAAAAAAAAAAAAAAAAAA | AA      | AAAAAAAAA | AAAAAAAAAAAAAAAA | Sun Jan 01 12:34:56 2006 | AA       |   12345.6789 | 12345.6789 | 12345.6789 |    12345.6789 |       12345.7 |     12345.6789 | 123456789012345678
 16777230 |    230 |      0 | ABCDEFG          | AA       | AAAAAAAAAAAAAAAA | c_street_1           | c_street_2           | AAAAAAAAAAAAAAAAAAAA | AA      | AAAAAAAAA | AAAAAAAAAAAAAAAA | Sun Jan 01 12:34:56 2006 | AA       |   12345.6789 | 12345.6789 | 12345.6789 |    12345.6789 |       12345.7 |     12345.6789 | 123456789012345678
(9 rows)

SET enable_seqscan = off;
SET enable_indexscan = on;
SET enable_bitmapscan = off;
SELECT * FROM customer ORDER BY c_id;
   c_id   | c_d_id | c_w_id |     c_first      | c_middle |      c_last      |      c_street_1      |      c_street_2      |        c_city        | c_state |   c_zip   |     c_phone      |         c_since          | c_credit | c_credit_lim | c_discount | c_balance  | c_ytd_payment | c_payment_cnt | c_delivery_cnt |       c_data       
----------+--------+--------+------------------+----------+------------------+----------------------+----------------------+----------------------+---------+-----------+------------------+--------------------------+----------+--------------+------------+------------+---------------+---------------+----------------+--------------------
 16777216 |    216 |      0 | ABCDEFG          | AA       | AAAAAAAAAAAAAAAA | c_street_1           | c_street_2           | AAAAAAAAAAAAAAAAAAAA | AA      | AAAAAAAAA | AAAAAAAAAAAAAAAA | Sun Jan 01 12:34:56 2006 | AA       |   12345.6789 | 12345.6789 | 12345.6789 |    12345.6789 |       12345.7 |     12345.6789 | 123456789012345678
 16777217 |    217 |      0 | ABCDEFG          | AA       | AAAAAAAAAAAAAAAA | c_street_1           | c_street_2           | AAAAAAAAAAAAAAAAAAAA | AA      | AAAAAAAAA | AAAAAAAAAAAAAAAA | Sun Jan 01 12:34:56 2006 | AA       |   12345.6789 | 12345.6789 | 12345.6789 |    12345.6789 |       12345.7 |     12345.6789 | 123456789012345678
 16777220 |    220 |      0 | ABCDEFG          | AA       | AAAAAAAAAAAAAAAA | c_street_1           | c_street_2           | AAAAAAAAAAAAAAAAAAAA | AA      | AAAAAAAAA | AAAAAAAAAAAAAAAA | Sun Jan 01 12:34:56 2006 | AA       |   12345.6789 | 12345.6789 | 12345.6789 |    12345.6789 |       12345.7 |     12345.6789 | 123456789012345678
 16777223 |    223 |      0 | ABCDEFG          | AA       | AAAAAAAAAAAAAAAA | c_street_1           | c_street_2           | AAAAAAAAAAAAAAAAAAAA | AA      | AAAAAAAAA | AAAAAAAAAAAAAAAA | Sun Jan 01 12:34:56 2006 | AA       |   12345.6789 | 12345.6789 | 12345.6789 |    12345.6789 |       12345.7 |     12345.6789 | 123456789012345678
 16777224 |    224 |      0 | DUP-2            | AA       | AAAAAAAAAAAAAAAA | c_street_1           | c_street_2           | AAAAAAAAAAAAAAAAAAAA | AA      | AAAAAAAAA | AAAAAAAAAAAAAAAA | Sun Jan 01 12:34:56 2006 | AA       |   12345.6789 | 12345.6789 | 12345.6789 |    12345.6789 |       12345.7 |     12345.6789 | 123456789012345678
 16777227 |    227 |      0 | ABCDEFG          | AA       | AAAAAAAAAAAAAAAA | c_street_1           | c_street_2           | AAAAAAAAAAAAAAAAAAAA | AA      | AAAAAAAAA | AAAAAAAAAAAAAAAA | Sun Jan 01 12:34:56 2006 | AA       |   12345.6789 | 12345.6789 | 12345.6789 |    12345.6789 |       12345.7 |     12345.6789 | 123456789012345678
 16777228 |    228 |      0 | ABCDEFG          | AA       | AAAAAAAAAAAAAAAA | c_street_1           | c_street_2           | AAAAAAAAAAAAAAAAAAAA | AA      | AAAAAAAAA | AAAAAAAAAAAAAAAA | Sun Jan 01 12:34:56 2006 | AA       |   12345.6789 | 12345.6789 | 12345.6789 |    12345.6789 |       12345.7 |     12345.6789 | 123456789012345678
 16777229 |    229 |      0 | ABCDEFG          | AA       | AAAAAAAAAAAAAAAA | c_street_1           | c_street_2           | AAAAAAAAAAAAAAAAAAAA | AA      | AAAAAAAAA | AAAAAAAAAAAAAAAA | Sun Jan 01 12:34:56 2006 | AA       |   12345.6789 | 12345.6789 | 12345.6789 |    12345.6789 |       12345.7 |     12345.6789 | 123456789012345678
 16777230 |    230 |      0 | ABCDEFG          | AA       | AAAAAAAAAAAAAAAA | c_street_1           | c_street_2           | AAAAAAAAAAAAAAAAAAAA | AA      | AAAAAAAAA | AAAAAAAAAAAAAAAA | Sun Jan 01 12:34:56 2006 | AA       |   12345.6789 | 12345.6789 | 12345.6789 |    12345.6789 |       12345.7 |     12345.6789 | 123456789012345678
(9 rows)

\! pg_bulkload -d contrib_regression data/csv1.ctl -i data/data2.csv -o "WRITER=PARALLEL" -o "PARSE_ERRORS=0" -l results/parallel4.log -P results/parallel4.prs -u results/parallel4.dup
NOTICE: BULK LOAD START
ERROR: query failed: ERROR:  Maximum duplicate error count exceeded
DETAIL: query was: SELECT * FROM pg_bulkload($1)
\! awk -f data/adjust.awk results/parallel4.log

pg_bulkload 3.0.2 on <TIMESTAMP>

INFILE = .../data2.csv
PARSE_BADFILE = .../parallel4.prs
DUPLICATE_BADFILE = .../parallel4.dup
LOGFILE = .../parallel4.log
TABLE = public.customer
TRUNCATE = NO
LIMIT = 5
PARSE_ERRORS = 0
DUPLICATE_ERRORS = 0
ON_DUPLICATE_KEEP = NEW
VERBOSE = NO
CHECK_CONSTRAINTS = NO
TYPE = CSV
SKIP = 2
DELIMITER = ,
QUOTE = "\""
ESCAPE = "\""
NULL = "nullvalue           "
WRITER = PARALLEL

Parse error Record 1: Input Record 2: Rejected - column 13. invalid input syntax for type timestamp: "BAD-DATA"
Maximum parse error count exceeded - 1 error(s) found in input file
Duplicate error Record 1: Rejected - duplicate key value violates unique constraint "customer_pkey"
Maximum duplicate error count exceeded
SET enable_seqscan = on;
SET enable_indexscan = off;
SET enable_bitmapscan = off;
SELECT * FROM customer ORDER BY c_id;
   c_id   | c_d_id | c_w_id |     c_first      | c_middle |      c_last      |      c_street_1      |      c_street_2      |        c_city        | c_state |   c_zip   |     c_phone      |         c_since          | c_credit | c_credit_lim | c_discount | c_balance  | c_ytd_payment | c_payment_cnt | c_delivery_cnt |       c_data       
----------+--------+--------+------------------+----------+------------------+----------------------+----------------------+----------------------+---------+-----------+------------------+--------------------------+----------+--------------+------------+------------+---------------+---------------+----------------+--------------------
 16777216 |    216 |      0 | ABCDEFG          | AA       | AAAAAAAAAAAAAAAA | c_street_1           | c_street_2           | AAAAAAAAAAAAAAAAAAAA | AA      | AAAAAAAAA | AAAAAAAAAAAAAAAA | Sun Jan 01 12:34:56 2006 | AA       |   12345.6789 | 12345.6789 | 12345.6789 |    12345.6789 |       12345.7 |     12345.6789 | 123456789012345678
 16777217 |    217 |      0 | ABCDEFG          | AA       | AAAAAAAAAAAAAAAA | c_street_1           | c_street_2           | AAAAAAAAAAAAAAAAAAAA | AA      | AAAAAAAAA | AAAAAAAAAAAAAAAA | Sun Jan 01 12:34:56 2006 | AA       |   12345.6789 | 12345.6789 | 12345.6789 |    12345.6789 |       12345.7 |     12345.6789 | 123456789012345678
 16777220 |    220 |      0 | ABCDEFG          | AA       | AAAAAAAAAAAAAAAA | c_street_1           | c_street_2           | AAAAAAAAAAAAAAAAAAAA | AA      | AAAAAAAAA | AAAAAAAAAAAAAAAA | Sun Jan 01 12:34:56 2006 | AA       |   12345.6789 | 12345.6789 | 12345.6789 |    12345.6789 |       12345.7 |     12345.6789 | 123456789012345678
 16777223 |    223 |      0 | ABCDEFG          | AA       | AAAAAAAAAAAAAAAA | c_street_1           | c_street_2           | AAAAAAAAAAAAAAAAAAAA | AA      | AAAAAAAAA | AAAAAAAAAAAAAAAA | Sun Jan 01 12:34:56 2006 | AA       |   12345.6789 | 12345.6789 | 12345.6789 |    12345.6789 |       12345.7 |     12345.6789 | 123456789012345678
 16777224 |    224 |      0 | DUP-2            | AA       | AAAAAAAAAAAAAAAA | c_street_1           | c_street_2           | AAAAAAAAAAAAAAAAAAAA | AA      | AAAAAAAAA | AAAAAAAAAAAAAAAA | Sun Jan 01 12:34:56 2006 | AA       |   12345.6789 | 12345.6789 | 12345.6789 |    12345.6789 |       12345.7 |     12345.6789 | 123456789012345678
 16777227 |    227 |      0 | ABCDEFG          | AA       | AAAAAAAAAAAAAAAA | c_street_1           | c_street_2           | AAAAAAAAAAAAAAAAAAAA | AA      | AAAAAAAAA | AAAAAAAAAAAAAAAA | Sun Jan 01 12:34:56 2006 | AA       |   12345.6789 | 12345.6789 | 12345.6789 |    12345.6789 |       12345.7 |     12345.6789 | 123456789012345678
 16777228 |    228 |      0 | ABCDEFG          | AA       | AAAAAAAAAAAAAAAA | c_street_1           | c_street_2           | AAAAAAAAAAAAAAAAAAAA | AA      | AAAAAAAAA | AAAAAAAAAAAAAAAA | Sun Jan 01 12:34:56 2006 | AA       |   12345.6789 | 12345.6789 | 12345.6789 |    12345.6789 |       12345.7 |     12345.6789 | 123456789012345678
 16777229 |    229 |      0 | ABCDEFG          | AA       | AAAAAAAAAAAAAAAA | c_street_1           | c_street_2           | AAAAAAAAAAAAAAAAAAAA | AA      | AAAAAAAAA | AAAAAAAAAAAAAAAA | Sun Jan 01 12:34:56 2006 | AA       |   12345.6789 | 12345.6789 | 12345.6789 |    12345.6789 |       12345.7 |     12345.6789 | 123456789012345678
 16777230 |    230 |      0 | ABCDEFG          | AA       | AAAAAAAAAAAAAAAA | c_street_1           | c_street_2           | AAAAAAAAAAAAAAAAAAAA | AA      | AAAAAAAAA | AAAAAAAAAAAAAAAA | Sun Jan 01 12:34:56 2006 | AA       |   12345.6789 | 12345.6789 | 12345.6789 |    12345.6789 |       12345.7 |     12345.6789 | 123456789012345678
(9 rows)

SET enable_seqscan = off;
SET enable_indexscan = on;
SET enable_bitmapscan = off;
SELECT * FROM customer ORDER BY c_id;
   c_id   | c_d_id | c_w_id |     c_first      | c_middle |      c_last      |      c_street_1      |      c_street_2      |        c_city        | c_state |   c_zip   |     c_phone      |         c_since          | c_credit | c_credit_lim | c_discount | c_balance  | c_ytd_payment | c_payment_cnt | c_delivery_cnt |       c_data       
----------+--------+--------+------------------+----------+------------------+----------------------+----------------------+----------------------+---------+-----------+------------------+--------------------------+----------+--------------+------------+------------+---------------+---------------+----------------+--------------------
 16777216 |    216 |      0 | ABCDEFG          | AA       | AAAAAAAAAAAAAAAA | c_street_1           | c_street_2           | AAAAAAAAAAAAAAAAAAAA | AA      | AAAAAAAAA | AAAAAAAAAAAAAAAA | Sun Jan 01 12:34:56 2006 | AA       |   12345.6789 | 12345.6789 | 12345.6789 |    12345.6789 |       12345.7 |     12345.6789 | 123456789012345678
 16777217 |    217 |      0 | ABCDEFG          | AA       | AAAAAAAAAAAAAAAA | c_street_1           | c_street_2           | AAAAAAAAAAAAAAAAAAAA | AA      | AAAAAAAAA | AAAAAAAAAAAAAAAA | Sun Jan 01 12:34:56 2006 | AA       |   12345.6789 | 12345.6789 | 12345.6789 |    12345.6789 |       12345.7 |     12345.6789 | 123456789012345678
 16777220 |    220 |      0 | ABCDEFG          | AA       | AAAAAAAAAAAAAAAA | c_street_1           | c_street_2           | AAAAAAAAAAAAAAAAAAAA | AA      | AAAAAAAAA | AAAAAAAAAAAAAAAA | Sun Jan 01 12:34:56 2006 | AA       |   12345.6789 | 12345.6789 | 12345.6789 |    12345.6789 |       12345.7 |     12345.6789 | 123456789012345678
 16777223 |    223 |      0 | ABCDEFG          | AA       | AAAAAAAAAAAAAAAA | c_street_1           | c_street_2           | AAAAAAAAAAAAAAAAAAAA | AA      | AAAAAAAAA | AAAAAAAAAAAAAAAA | Sun Jan 01 12:34:56 2006 | AA       |   12345.6789 | 12345.6789 | 12345.6789 |    12345.6789 |       12345.7 |     12345.6789 | 123456789012345678
 16777224 |    224 |      0 | DUP-2            | AA       | AAAAAAAAAAAAAAAA | c_street_1           | c_street_2           | AAAAAAAAAAAAAAAAAAAA | AA      | AAAAAAAAA | AAAAAAAAAAAAAAAA | Sun Jan 01 12:34:56 2006 | AA       |   12345.6789 | 12345.6789 | 12345.6789 |    12345.6789 |       12345.7 |     12345.6789 | 123456789012345678
 16777227 |    227 |      0 | ABCDEFG          | AA       | AAAAAAAAAAAAAAAA | c_street_1           | c_street_2           | AAAAAAAAAAAAAAAAAAAA | AA      | AAAAAAAAA | AAAAAAAAAAAAAAAA | Sun Jan 01 12:34:56 2006 | AA       |   12345.6789 | 12345.6789 | 12345.6789 |    12345.6789 |       12345.7 |     12345.6789 | 123456789012345678
 16777228 |    228 |      0 | ABCDEFG          | AA       | AAAAAAAAAAAAAAAA | c_street_1           | c_street_2           | AAAAAAAAAAAAAAAAAAAA | AA      | AAAAAAAAA | AAAAAAAAAAAAAAAA | Sun Jan 01 12:34:56 2006 | AA       |   12345.6789 | 12345.6789 | 12345.6789 |    12345.6789 |       12345.7 |     12345.6789 | 123456789012345678
 16777229 |    229 |      0 | ABCDEFG          | AA       | AAAAAAAAAAAAAAAA | c_street_1           | c_street_2           | AAAAAAAAAAAAAAAAAAAA | AA      | AAAAAAAAA | AAAAAAAAAAAAAAAA | Sun Jan 01 12:34:56 2006 | AA       |   12345.6789 | 12345.6789 | 12345.6789 |    12345.6789 |       12345.7 |     12345.6789 | 123456789012345678
 16777230 |    230 |      0 | ABCDEFG          | AA       | AAAAAAAAAAAAAAAA | c_street_1           | c_street_2           | AAAAAAAAAAAAAAAAAAAA | AA      | AAAAAAAAA | AAAAAAAAAAAAAAAA | Sun Jan 01 12:34:56 2006 | AA       |   12345.6789 | 12345.6789 | 12345.6789 |    12345.6789 |       12345.7 |     12345.6789 | 123456789012345678
(9 rows)

\set AFTER_NSHM `ipcs -m | grep -c [0-9]`
SELECT :AFTER_NSHM - :BEFORE_NSHM as "not destroy shared memorys";
 not destroy shared memorys 
----------------------------
                          0
(1 row)

